.............................................................................................................................................................................................................................................................................................................................................................
Ran: 349 tests in: 2.03 seconds.
OK